00000000:000000 DEBUG    ASDF
00000000:000000 TRACE    ASDF
00000000:000000 CRITICAL ASDF
00000000:000000 WARNING  ASDF
